src/api/supabase/event.ts(19,3): error TS2322: Type '{ id: any; name: any; name_en: any; open: any; start_date: any; end_date: any; registration_use: any; registration_start_at: any; registration_end_at: any; created_at: any; status: any; }[]' is not assignable to type 'AdminEventItem[]'.
  Type '{ id: any; name: any; name_en: any; open: any; start_date: any; end_date: any; registration_use: any; registration_start_at: any; registration_end_at: any; created_at: any; status: any; }' is not assignable to type 'AdminEventItem'.
    Property 'country_code' is missing in type '{ id: any; name: any; name_en: any; open: any; start_date: any; end_date: any; registration_use: any; registration_start_at: any; registration_end_at: any; created_at: any; status: any; }' but required in type 'Pick<EventRow, "id" | "open" | "name" | "name_en" | "country_code" | "start_date" | "end_date" | "registration_use" | "registration_start_at" | "registration_end_at">'.
src/api/supabase/event.ts(38,3): error TS2322: Type '{ id: any; name: any; name_en: any; open: any; start_date: any; end_date: any; registration_use: any; registration_start_at: any; registration_end_at: any; }[]' is not assignable to type 'AdminEventItem[]'.
  Type '{ id: any; name: any; name_en: any; open: any; start_date: any; end_date: any; registration_use: any; registration_start_at: any; registration_end_at: any; }' is not assignable to type 'AdminEventItem'.
    Property 'country_code' is missing in type '{ id: any; name: any; name_en: any; open: any; start_date: any; end_date: any; registration_use: any; registration_start_at: any; registration_end_at: any; }' but required in type 'Pick<EventRow, "id" | "open" | "name" | "name_en" | "country_code" | "start_date" | "end_date" | "registration_use" | "registration_start_at" | "registration_end_at">'.
src/components/common/ui/BaseSelectBox.vue(87,34): error TS2307: Cannot find module '@/composables/useDropdownManager' or its corresponding type declarations.
src/plugins/useDropdownManager.ts(6,27): error TS7006: Parameter 'closeFn' implicitly has an 'any' type.
src/plugins/useDropdownManager.ts(10,29): error TS7006: Parameter 'closeFn' implicitly has an 'any' type.
src/plugins/useDropdownManager.ts(16,7): error TS18046: 'closeFn' is of type 'unknown'.
src/views/admin/event/OptionModal.vue(4,14): error TS2305: Module '"@/stores/admin/event"' has no exported member 'GenderType'.
src/views/admin/event/OptionModal.vue(4,26): error TS2305: Module '"@/stores/admin/event"' has no exported member 'RoundType'.
